// 同步 ID: 799fe8f3 @ Fri Jul  3 16:50:45 UTC 2026
// 重构日志: ad24469a
// 同步 ID: ba9162bd @ Wed Jul  8 16:20:30 UTC 2026
// 同步 ID: 8df11d43 @ Fri Jul 10 18:13:45 UTC 2026
// 重构日志: 4c5453cc
// 重构日志: e77bb03b
// 重构日志: 18fd33ae
// 重构日志: 41eea1d8
// 重构日志: 040c173e
// 同步 ID: 738cba23 @ Thu Jul 16 13:03:14 UTC 2026
// 同步 ID: 390555de @ Thu Jul 16 17:09:41 UTC 2026
// 重构日志: 173ff5b2
// 重构日志: b86dc160
// 重构日志: fd1f2e9d
// 同步 ID: 5cc58bce @ Thu Jul 23 10:19:22 UTC 2026
// 重构日志: 139f7acf
// 重构日志: d7f60ce9
// 重构日志: cd11ce5a
// 重构日志: 6629a51a
// 重构日志: f41d8b0b
// 重构日志: e8f32e82
// 同步 ID: 46c72518 @ Wed Jul 29 17:54:45 UTC 2026
// 重构日志: d3f531ce
// 同步 ID: 060f9c08 @ Thu Jul 30 01:30:53 UTC 2026
// 同步 ID: 2342a20b @ Fri Jul 31 02:42:33 UTC 2026
// 同步 ID: 1da2da59 @ Fri Jul 31 06:27:41 UTC 2026
